0 verbose cli /home/puzexuan/.nvm/versions/node/v22.21.1/bin/node /home/puzexuan/.nvm/versions/node/v22.21.1/bin/npm
1 info using npm@10.9.4
2 info using node@v22.21.1
3 silly config load:file:/home/puzexuan/.nvm/versions/node/v22.21.1/lib/node_modules/npm/npmrc
4 silly config load:file:/home/puzexuan/study/code/biology_prediction/service/.npmrc
5 silly config load:file:/home/puzexuan/.npmrc
6 silly config load:file:/home/puzexuan/.nvm/versions/node/v22.21.1/etc/npmrc
7 verbose title npm install pnpm
8 verbose argv "install" "pnpm" "--no-save" "--cache" "/home/puzexuan/study/code/biology_prediction/service/.npm-cache"
9 verbose logfile logs-max:10 dir:/home/puzexuan/study/code/biology_prediction/service/.npm-cache/_logs/2026-08-14T05_45_00_658Z-
10 verbose logfile /home/puzexuan/study/code/biology_prediction/service/.npm-cache/_logs/2026-08-14T05_45_00_658Z-debug-0.log
11 silly logfile done cleaning log files
12 silly packumentCache heap:4345298944 maxSize:1086324736 maxEntrySize:543162368
13 silly idealTree buildDeps
14 silly fetch manifest pnpm@*
15 silly packumentCache full:https://registry.npmjs.org/pnpm cache-miss
16 http fetch GET 200 https://registry.npmjs.org/npm 2495ms
17 http fetch GET 200 https://registry.npmjs.org/pnpm 3075ms (cache miss)
18 silly packumentCache full:https://registry.npmjs.org/pnpm set size:undefined disposed:false
19 silly placeDep ROOT pnpm@11.21.0 OK for:  want: *
20 silly reify moves {}
21 http cache pnpm@https://registry.npmjs.org/pnpm/-/pnpm-11.21.0.tgz 0ms (cache hit)
22 silly tarball no local data for pnpm@https://registry.npmjs.org/pnpm/-/pnpm-11.21.0.tgz. Extracting by manifest.
23 http fetch GET 200 https://registry.npmjs.org/pnpm/-/pnpm-11.21.0.tgz 7117ms (cache miss)
24 silly ADD node_modules/pnpm
25 verbose cwd /home/puzexuan/study/code/biology_prediction/service
26 verbose os Linux 6.8.0-83-generic
27 verbose node v22.21.1
28 verbose npm  v10.9.4
29 notice
29 notice New major version of npm available! 10.9.4 -> 12.0.2
29 notice Changelog: https://github.com/npm/cli/releases/tag/v12.0.2
29 notice To update run: npm install -g npm@12.0.2
29 notice  { force: true, [Symbol(proc-log.meta)]: true }
30 verbose exit 0
31 info ok
